Running 21 checks on your project...
Unexpected error while running 'Check that @expo/vector-icons package is not installed together with other potentially conflicting icon packages.' check:
Error: Failed to find dependency tree for react-native-vector-icons: npm explain react-native-vector-icons --json exited with non-zero code: 1
Unexpected error while running 'Check for legacy global CLI installed locally' check:
Error: Failed to find dependency tree for expo-cli: npm explain expo-cli --json exited with non-zero code: 1
Unexpected error while running 'Check that native modules do not use incompatible support packages' check:
Error: Failed to find dependency tree for react-native-unimodules: npm explain react-native-unimodules --json exited with non-zero code: 1
14/21 checks passed. 7 checks failed. Possible issues detected:
Use the --verbose flag to see more details about passed checks.

✖ Check for common project setup issues
The .expo directory is not ignored by Git. It contains machine-specific device history and development server settings and should not be committed.
Advice:
Add ".expo/" to your .gitignore to avoid committing local Expo state.

✖ Check Expo config (app.json/ app.config.js) schema
Errors validating fields in C:\Users\Eduard\Downloads\zencademy-app-20260928T212004Z-1-001\zencademy-app\app.json:
 should NOT have additional property 'androidNavigationBar'.
 Field: android - should NOT have additional property 'edgeToEdgeEnabled'.
Advice:
Resolve schema errors in your app config. Learn more: https://docs.expo.dev/workflow/configuration/

✖ Check npm/yarn versions
Warning: Could not determine npm version. Make sure your version is >= 3.0.0 - we recommend latest.
Advice:
Update your package manager to a supported version.

✖ Check that native modules do not use incompatible support packages
✖ Check for legacy global CLI installed locally
✖ Check that @expo/vector-icons package is not installed together with other potentially conflicting icon packages.
✖ Check that packages match versions required by installed Expo SDK

⚠️ Minor version mismatches
package           expected  found   
@babel/core       ^7.29.0   7.28.4  

🔧 Patch version mismatches
package           expected  found   
react-native-web  ^0.21.2   0.21.1  



2 packages out of date.
Advice:
Use 'npx expo install --check' to review and upgrade your dependencies.
To ignore specific packages, add them to "expo.install.exclude" in package.json. Learn more: https://expo.fyi/dependency-validation

7 checks failed, indicating possible issues with the project.
